Command: python examples/example.py
E:\WBF\WBF-Software-Testing-main\.venv\lib\site-packages\numpy\lib\arraysetops.py:272: VisibleDeprecationWarning: Creating an ndarray from ragged nested sequences (which is a list-or-tuple of lists-or-tuples-or ndarrays with different lengths or shapes) is deprecated. If you meant to do this, you must specify 'dtype=object' when creating the ndarray.
  ar = np.asanyarray(ar)
7
[[0.10666665 0.31666666 0.71333331 0.62      ]
 [0.00181818 0.47545454 0.8136363  0.91363633]
 [0.03       0.24       0.12       0.35      ]
 [0.02       0.53       0.11       0.94      ]
 [0.38       0.66       0.79       0.95      ]
 [0.04       0.56       0.84       0.92      ]
 [0.08       0.49       0.21       0.89      ]]
7
[[0.11       0.32000002 0.71499997 0.625     ]
 [0.03       0.24       0.12       0.35      ]
 [0.38       0.66       0.79       0.95      ]
 [0.00181818 0.47545454 0.8136363  0.91363633]
 [0.04       0.56       0.84       0.92      ]
 [0.02       0.53       0.11       0.94      ]
 [0.08       0.49       0.21       0.89      ]]
7
[[0.   0.51 0.81 0.91]
 [0.08 0.49 0.21 0.89]
 [0.1  0.31 0.71 0.61]
 [0.03 0.24 0.12 0.35]
 [0.02 0.53 0.11 0.94]
 [0.38 0.66 0.79 0.95]
 [0.04 0.56 0.84 0.92]]
E:\WBF\WBF-Software-Testing-main\.venv\lib\site-packages\numpy\lib\arraysetops.py:272: VisibleDeprecationWarning: Creating an ndarray from ragged nested sequences (which is a list-or-tuple of lists-or-tuples-or ndarrays with different lengths or shapes) is deprecated. If you meant to do this, you must specify 'dtype=object' when creating the ndarray.
  ar = np.asanyarray(ar)
7
[[0.   0.51 0.81 0.91]
 [0.08 0.49 0.21 0.89]
 [0.1  0.31 0.71 0.61]
 [0.03 0.24 0.12 0.35]
 [0.02 0.53 0.11 0.94]
 [0.38 0.66 0.79 0.95]
 [0.04 0.56 0.84 0.92]]

Exit code: 0
